2025-10-16 10:48:04.592 [main] ERROR com.deliveryplatform.services.RestaurantServiceImpl - 系統異常 - acceptOrder: orderId=NONEXISTENT-ORDER, restaurantId=REST-001
java.lang.IllegalArgumentException: 訂單不存在: NONEXISTENT-ORDER
	at com.deliveryplatform.services.RestaurantServiceImpl.lambda$getOrderAndValidateOwnership$0(RestaurantServiceImpl.java:246) ~[classes/:?]
	at java.util.Optional.orElseThrow(Optional.java:403) ~[?:?]
	at com.deliveryplatform.services.RestaurantServiceImpl.getOrderAndValidateOwnership(RestaurantServiceImpl.java:246) ~[classes/:?]
	at com.deliveryplatform.services.RestaurantServiceImpl.validateOrderForAcceptance(RestaurantServiceImpl.java:195) ~[classes/:?]
	at com.deliveryplatform.services.RestaurantServiceImpl.acceptOrder(RestaurantServiceImpl.java:46) [classes/:?]
	at com.deliveryplatform.services.RestaurantServiceTest.lambda$testAcceptOrder_OrderNotFound$0(RestaurantServiceTest.java:80) [test-classes/:?]
	at org.junit.jupiter.api.AssertThrows.assertThrows(AssertThrows.java:53) [junit-jupiter-api-5.9.3.jar:5.9.3]
	at org.junit.jupiter.api.AssertThrows.assertThrows(AssertThrows.java:35) [junit-jupiter-api-5.9.3.jar:5.9.3]
	at org.junit.jupiter.api.Assertions.assertThrows(Assertions.java:3083) [junit-jupiter-api-5.9.3.jar:5.9.3]
	at com.deliveryplatform.services.RestaurantServiceTest.testAcceptOrder_OrderNotFound(RestaurantServiceTest.java:79) [test-classes/:?]
	at jdk.internal.reflect.DirectMethodHandleAccessor.invoke(DirectMethodHandleAccessor.java:104) ~[?:?]
	at java.lang.reflect.Method.invoke(Method.java:565) ~[?:?]
	at org.junit.platform.commons.util.ReflectionUtils.invokeMethod(ReflectionUtils.java:727) [junit-platform-commons-1.9.3.jar:1.9.3]
	at org.junit.jupiter.engine.execution.MethodInvocation.proceed(MethodInvocation.java:60) [junit-jupiter-engine-5.9.3.jar:5.9.3]
	at org.junit.jupiter.engine.execution.InvocationInterceptorChain$ValidatingInvocation.proceed(InvocationInterceptorChain.java:131) [junit-jupiter-engine-5.9.3.jar:5.9.3]
	at org.junit.jupiter.engine.extension.TimeoutExtension.intercept(TimeoutExtension.java:156) [junit-jupiter-engine-5.9.3.jar:5.9.3]
	at org.junit.jupiter.engine.extension.TimeoutExtension.interceptTestableMethod(TimeoutExtension.java:147) [junit-jupiter-engine-5.9.3.jar:5.9.3]
	at org.junit.jupiter.engine.extension.TimeoutExtension.interceptTestMethod(TimeoutExtension.java:86) [junit-jupiter-engine-5.9.3.jar:5.9.3]
	at org.junit.jupiter.engine.execution.InterceptingExecutableInvoker$ReflectiveInterceptorCall.lambda$ofVoidMethod$0(InterceptingExecutableInvoker.java:103) [junit-jupiter-engine-5.9.3.jar:5.9.3]
	at org.junit.jupiter.engine.execution.InterceptingExecutableInvoker.lambda$invoke$0(InterceptingExecutableInvoker.java:93) [junit-jupiter-engine-5.9.3.jar:5.9.3]
	at org.junit.jupiter.engine.execution.InvocationInterceptorChain$InterceptedInvocation.proceed(InvocationInterceptorChain.java:106) [junit-jupiter-engine-5.9.3.jar:5.9.3]
	at org.junit.jupiter.engine.execution.InvocationInterceptorChain.proceed(InvocationInterceptorChain.java:64) [junit-jupiter-engine-5.9.3.jar:5.9.3]
	at org.junit.jupiter.engine.execution.InvocationInterceptorChain.chainAndInvoke(InvocationInterceptorChain.java:45) [junit-jupiter-engine-5.9.3.jar:5.9.3]
	at org.junit.jupiter.engine.execution.InvocationInterceptorChain.invoke(InvocationInterceptorChain.java:37) [junit-jupiter-engine-5.9.3.jar:5.9.3]
	at org.junit.jupiter.engine.execution.InterceptingExecutableInvoker.invoke(InterceptingExecutableInvoker.java:92) [junit-jupiter-engine-5.9.3.jar:5.9.3]
	at org.junit.jupiter.engine.execution.InterceptingExecutableInvoker.invoke(InterceptingExecutableInvoker.java:86) [junit-jupiter-engine-5.9.3.jar:5.9.3]
	at org.junit.jupiter.engine.descriptor.TestMethodTestDescriptor.lambda$invokeTestMethod$7(TestMethodTestDescriptor.java:217) [junit-jupiter-engine-5.9.3.jar:5.9.3]
	at org.junit.platform.engine.support.hierarchical.ThrowableCollector.execute(ThrowableCollector.java:73) [junit-platform-engine-1.9.3.jar:1.9.3]
	at org.junit.jupiter.engine.descriptor.TestMethodTestDescriptor.invokeTestMethod(TestMethodTestDescriptor.java:213) [junit-jupiter-engine-5.9.3.jar:5.9.3]
	at org.junit.jupiter.engine.descriptor.TestMethodTestDescriptor.execute(TestMethodTestDescriptor.java:138) [junit-jupiter-engine-5.9.3.jar:5.9.3]
	at org.junit.jupiter.engine.descriptor.TestMethodTestDescriptor.execute(TestMethodTestDescriptor.java:68) [junit-jupiter-engine-5.9.3.jar:5.9.3]
	at org.junit.platform.engine.support.hierarchical.NodeTestTask.lambda$executeRecursively$6(NodeTestTask.java:151) [junit-platform-engine-1.9.3.jar:1.9.3]
	at org.junit.platform.engine.support.hierarchical.ThrowableCollector.execute(ThrowableCollector.java:73) [junit-platform-engine-1.9.3.jar:1.9.3]
	at org.junit.platform.engine.support.hierarchical.NodeTestTask.lambda$executeRecursively$8(NodeTestTask.java:141) [junit-platform-engine-1.9.3.jar:1.9.3]
	at org.junit.platform.engine.support.hierarchical.Node.around(Node.java:137) [junit-platform-engine-1.9.3.jar:1.9.3]
	at org.junit.platform.engine.support.hierarchical.NodeTestTask.lambda$executeRecursively$9(NodeTestTask.java:139) [junit-platform-engine-1.9.3.jar:1.9.3]
	at org.junit.platform.engine.support.hierarchical.ThrowableCollector.execute(ThrowableCollector.java:73) [junit-platform-engine-1.9.3.jar:1.9.3]
	at org.junit.platform.engine.support.hierarchical.NodeTestTask.executeRecursively(NodeTestTask.java:138) [junit-platform-engine-1.9.3.jar:1.9.3]
	at org.junit.platform.engine.support.hierarchical.NodeTestTask.execute(NodeTestTask.java:95) [junit-platform-engine-1.9.3.jar:1.9.3]
	at java.util.ArrayList.forEach(ArrayList.java:1604) [?:?]
	at org.junit.platform.engine.support.hierarchical.SameThreadHierarchicalTestExecutorService.invokeAll(SameThreadHierarchicalTestExecutorService.java:41) [junit-platform-engine-1.9.3.jar:1.9.3]
	at org.junit.platform.engine.support.hierarchical.NodeTestTask.lambda$executeRecursively$6(NodeTestTask.java:155) [junit-platform-engine-1.9.3.jar:1.9.3]
	at org.junit.platform.engine.support.hierarchical.ThrowableCollector.execute(ThrowableCollector.java:73) [junit-platform-engine-1.9.3.jar:1.9.3]
	at org.junit.platform.engine.support.hierarchical.NodeTestTask.lambda$executeRecursively$8(NodeTestTask.java:141) [junit-platform-engine-1.9.3.jar:1.9.3]
	at org.junit.platform.engine.support.hierarchical.Node.around(Node.java:137) [junit-platform-engine-1.9.3.jar:1.9.3]
	at org.junit.platform.engine.support.hierarchical.NodeTestTask.lambda$executeRecursively$9(NodeTestTask.java:139) [junit-platform-engine-1.9.3.jar:1.9.3]
	at org.junit.platform.engine.support.hierarchical.ThrowableCollector.execute(ThrowableCollector.java:73) [junit-platform-engine-1.9.3.jar:1.9.3]
	at org.junit.platform.engine.support.hierarchical.NodeTestTask.executeRecursively(NodeTestTask.java:138) [junit-platform-engine-1.9.3.jar:1.9.3]
	at org.junit.platform.engine.support.hierarchical.NodeTestTask.execute(NodeTestTask.java:95) [junit-platform-engine-1.9.3.jar:1.9.3]
	at java.util.ArrayList.forEach(ArrayList.java:1604) [?:?]
	at org.junit.platform.engine.support.hierarchical.SameThreadHierarchicalTestExecutorService.invokeAll(SameThreadHierarchicalTestExecutorService.java:41) [junit-platform-engine-1.9.3.jar:1.9.3]
	at org.junit.platform.engine.support.hierarchical.NodeTestTask.lambda$executeRecursively$6(NodeTestTask.java:155) [junit-platform-engine-1.9.3.jar:1.9.3]
	at org.junit.platform.engine.support.hierarchical.ThrowableCollector.execute(ThrowableCollector.java:73) [junit-platform-engine-1.9.3.jar:1.9.3]
	at org.junit.platform.engine.support.hierarchical.NodeTestTask.lambda$executeRecursively$8(NodeTestTask.java:141) [junit-platform-engine-1.9.3.jar:1.9.3]
	at org.junit.platform.engine.support.hierarchical.Node.around(Node.java:137) [junit-platform-engine-1.9.3.jar:1.9.3]
	at org.junit.platform.engine.support.hierarchical.NodeTestTask.lambda$executeRecursively$9(NodeTestTask.java:139) [junit-platform-engine-1.9.3.jar:1.9.3]
	at org.junit.platform.engine.support.hierarchical.ThrowableCollector.execute(ThrowableCollector.java:73) [junit-platform-engine-1.9.3.jar:1.9.3]
	at org.junit.platform.engine.support.hierarchical.NodeTestTask.executeRecursively(NodeTestTask.java:138) [junit-platform-engine-1.9.3.jar:1.9.3]
	at org.junit.platform.engine.support.hierarchical.NodeTestTask.execute(NodeTestTask.java:95) [junit-platform-engine-1.9.3.jar:1.9.3]
	at org.junit.platform.engine.support.hierarchical.SameThreadHierarchicalTestExecutorService.submit(SameThreadHierarchicalTestExecutorService.java:35) [junit-platform-engine-1.9.3.jar:1.9.3]
	at org.junit.platform.engine.support.hierarchical.HierarchicalTestExecutor.execute(HierarchicalTestExecutor.java:57) [junit-platform-engine-1.9.3.jar:1.9.3]
	at org.junit.platform.engine.support.hierarchical.HierarchicalTestEngine.execute(HierarchicalTestEngine.java:54) [junit-platform-engine-1.9.3.jar:1.9.3]
	at org.junit.platform.launcher.core.EngineExecutionOrchestrator.execute(EngineExecutionOrchestrator.java:147) [junit-platform-launcher-1.9.3.jar:1.9.3]
	at org.junit.platform.launcher.core.EngineExecutionOrchestrator.execute(EngineExecutionOrchestrator.java:127) [junit-platform-launcher-1.9.3.jar:1.9.3]
	at org.junit.platform.launcher.core.EngineExecutionOrchestrator.execute(EngineExecutionOrchestrator.java:90) [junit-platform-launcher-1.9.3.jar:1.9.3]
	at org.junit.platform.launcher.core.EngineExecutionOrchestrator.lambda$execute$0(EngineExecutionOrchestrator.java:55) [junit-platform-launcher-1.9.3.jar:1.9.3]
	at org.junit.platform.launcher.core.EngineExecutionOrchestrator.withInterceptedStreams(EngineExecutionOrchestrator.java:102) [junit-platform-launcher-1.9.3.jar:1.9.3]
	at org.junit.platform.launcher.core.EngineExecutionOrchestrator.execute(EngineExecutionOrchestrator.java:54) [junit-platform-launcher-1.9.3.jar:1.9.3]
	at org.junit.platform.launcher.core.DefaultLauncher.execute(DefaultLauncher.java:114) [junit-platform-launcher-1.9.3.jar:1.9.3]
	at org.junit.platform.launcher.core.DefaultLauncher.execute(DefaultLauncher.java:86) [junit-platform-launcher-1.9.3.jar:1.9.3]
	at org.junit.platform.launcher.core.DefaultLauncherSession$DelegatingLauncher.execute(DefaultLauncherSession.java:86) [junit-platform-launcher-1.9.3.jar:1.9.3]
	at org.apache.maven.surefire.junitplatform.LazyLauncher.execute(LazyLauncher.java:50) [surefire-junit-platform-3.1.0.jar:3.1.0]
	at org.apache.maven.surefire.junitplatform.JUnitPlatformProvider.execute(JUnitPlatformProvider.java:184) [surefire-junit-platform-3.1.0.jar:3.1.0]
	at org.apache.maven.surefire.junitplatform.JUnitPlatformProvider.invokeAllTests(JUnitPlatformProvider.java:148) [surefire-junit-platform-3.1.0.jar:3.1.0]
	at org.apache.maven.surefire.junitplatform.JUnitPlatformProvider.invoke(JUnitPlatformProvider.java:122) [surefire-junit-platform-3.1.0.jar:3.1.0]
	at org.apache.maven.surefire.booter.ForkedBooter.runSuitesInProcess(ForkedBooter.java:385) [surefire-booter-3.1.0.jar:3.1.0]
	at org.apache.maven.surefire.booter.ForkedBooter.execute(ForkedBooter.java:162) [surefire-booter-3.1.0.jar:3.1.0]
	at org.apache.maven.surefire.booter.ForkedBooter.run(ForkedBooter.java:507) [surefire-booter-3.1.0.jar:3.1.0]
	at org.apache.maven.surefire.booter.ForkedBooter.main(ForkedBooter.java:495) [surefire-booter-3.1.0.jar:3.1.0]
2025-10-16 10:48:18.258 [main] ERROR com.deliveryplatform.services.RestaurantServiceImpl - 系統異常 - startPreparingOrder: orderId=NONEXISTENT-ORDER, restaurantId=REST-001
java.lang.IllegalArgumentException: 訂單不存在: NONEXISTENT-ORDER
	at com.deliveryplatform.services.RestaurantServiceImpl.lambda$getOrderAndValidateOwnership$0(RestaurantServiceImpl.java:246) ~[classes/:?]
	at java.util.Optional.orElseThrow(Optional.java:403) ~[?:?]
	at com.deliveryplatform.services.RestaurantServiceImpl.getOrderAndValidateOwnership(RestaurantServiceImpl.java:246) ~[classes/:?]
	at com.deliveryplatform.services.RestaurantServiceImpl.validateOrderForPreparation(RestaurantServiceImpl.java:221) ~[classes/:?]
	at com.deliveryplatform.services.RestaurantServiceImpl.startPreparingOrder(RestaurantServiceImpl.java:126) [classes/:?]
	at com.deliveryplatform.demo.CoreRequirementsDemo.demonstrateExceptionHandling(CoreRequirementsDemo.java:261) [classes/:?]
	at com.deliveryplatform.demo.CoreRequirementsDemo.main(CoreRequirementsDemo.java:49) [classes/:?]
2025-10-16 10:48:18.263 [main] ERROR com.deliveryplatform.demo.CoreRequirementsDemo - 其他系統錯誤
java.lang.RuntimeException: 開始製作失敗：系統錯誤
	at com.deliveryplatform.services.RestaurantServiceImpl.startPreparingOrder(RestaurantServiceImpl.java:138) ~[classes/:?]
	at com.deliveryplatform.demo.CoreRequirementsDemo.demonstrateExceptionHandling(CoreRequirementsDemo.java:261) [classes/:?]
	at com.deliveryplatform.demo.CoreRequirementsDemo.main(CoreRequirementsDemo.java:49) [classes/:?]
Caused by: java.lang.IllegalArgumentException: 訂單不存在: NONEXISTENT-ORDER
	at com.deliveryplatform.services.RestaurantServiceImpl.lambda$getOrderAndValidateOwnership$0(RestaurantServiceImpl.java:246) ~[classes/:?]
	at java.util.Optional.orElseThrow(Optional.java:403) ~[?:?]
	at com.deliveryplatform.services.RestaurantServiceImpl.getOrderAndValidateOwnership(RestaurantServiceImpl.java:246) ~[classes/:?]
	at com.deliveryplatform.services.RestaurantServiceImpl.validateOrderForPreparation(RestaurantServiceImpl.java:221) ~[classes/:?]
	at com.deliveryplatform.services.RestaurantServiceImpl.startPreparingOrder(RestaurantServiceImpl.java:126) ~[classes/:?]
	... 2 more
2025-10-16 10:48:18.264 [main] ERROR com.deliveryplatform.demo.CoreRequirementsDemo - 其他系統錯誤
com.deliveryplatform.exceptions.InvalidOrderStateException: Cannot transition order FAKE-ORDER from null to IN_DELIVERY: Order must be ready for delivery to assign a driver
	at com.deliveryplatform.services.DeliveryService.lambda$getOrderAndValidateForDelivery$1(DeliveryService.java:146) ~[classes/:?]
	at java.util.Optional.orElseThrow(Optional.java:403) ~[?:?]
	at com.deliveryplatform.services.DeliveryService.getOrderAndValidateForDelivery(DeliveryService.java:146) ~[classes/:?]
	at com.deliveryplatform.services.DeliveryService.assignDriver(DeliveryService.java:42) ~[classes/:?]
	at com.deliveryplatform.demo.CoreRequirementsDemo.demonstrateExceptionHandling(CoreRequirementsDemo.java:282) [classes/:?]
	at com.deliveryplatform.demo.CoreRequirementsDemo.main(CoreRequirementsDemo.java:49) [classes/:?]
2025-10-16 10:48:18.265 [main] ERROR com.deliveryplatform.demo.CoreRequirementsDemo - 捕獲 NullPointerException (Unchecked Exception): 程式碼邏輯錯誤
java.lang.NullPointerException: Cannot invoke "String.length()" because "nullString" is null
	at com.deliveryplatform.demo.CoreRequirementsDemo.demonstrateExceptionHandling(CoreRequirementsDemo.java:295) [classes/:?]
	at com.deliveryplatform.demo.CoreRequirementsDemo.main(CoreRequirementsDemo.java:49) [classes/:?]
2025-10-16 10:48:18.266 [main] ERROR com.deliveryplatform.demo.CoreRequirementsDemo - ERROR 級別: 記錄系統錯誤 (Unchecked Exception)
2025-10-16 10:48:18.266 [main] ERROR com.deliveryplatform.demo.CoreRequirementsDemo - ERROR 級別: 資料庫連線失敗
2025-10-16 10:48:18.266 [main] ERROR com.deliveryplatform.demo.CoreRequirementsDemo - ERROR 級別: 外部 API 呼叫超時 service=PaymentService, timeout=5000ms
2025-10-16 10:53:32.126 [main] ERROR com.deliveryplatform.services.RestaurantServiceImpl - 系統異常 - startPreparingOrder: orderId=NONEXISTENT-ORDER, restaurantId=REST-001
java.lang.IllegalArgumentException: 訂單不存在: NONEXISTENT-ORDER
	at com.deliveryplatform.services.RestaurantServiceImpl.lambda$getOrderAndValidateOwnership$0(RestaurantServiceImpl.java:246) ~[classes/:?]
	at java.util.Optional.orElseThrow(Optional.java:403) ~[?:?]
	at com.deliveryplatform.services.RestaurantServiceImpl.getOrderAndValidateOwnership(RestaurantServiceImpl.java:246) ~[classes/:?]
	at com.deliveryplatform.services.RestaurantServiceImpl.validateOrderForPreparation(RestaurantServiceImpl.java:221) ~[classes/:?]
	at com.deliveryplatform.services.RestaurantServiceImpl.startPreparingOrder(RestaurantServiceImpl.java:126) [classes/:?]
	at com.deliveryplatform.demo.CoreRequirementsDemo.demonstrateExceptionHandling(CoreRequirementsDemo.java:261) [classes/:?]
	at com.deliveryplatform.demo.CoreRequirementsDemo.main(CoreRequirementsDemo.java:49) [classes/:?]
2025-10-16 10:53:32.135 [main] ERROR com.deliveryplatform.demo.CoreRequirementsDemo - 其他系統錯誤
java.lang.RuntimeException: 開始製作失敗：系統錯誤
	at com.deliveryplatform.services.RestaurantServiceImpl.startPreparingOrder(RestaurantServiceImpl.java:138) ~[classes/:?]
	at com.deliveryplatform.demo.CoreRequirementsDemo.demonstrateExceptionHandling(CoreRequirementsDemo.java:261) [classes/:?]
	at com.deliveryplatform.demo.CoreRequirementsDemo.main(CoreRequirementsDemo.java:49) [classes/:?]
Caused by: java.lang.IllegalArgumentException: 訂單不存在: NONEXISTENT-ORDER
	at com.deliveryplatform.services.RestaurantServiceImpl.lambda$getOrderAndValidateOwnership$0(RestaurantServiceImpl.java:246) ~[classes/:?]
	at java.util.Optional.orElseThrow(Optional.java:403) ~[?:?]
	at com.deliveryplatform.services.RestaurantServiceImpl.getOrderAndValidateOwnership(RestaurantServiceImpl.java:246) ~[classes/:?]
	at com.deliveryplatform.services.RestaurantServiceImpl.validateOrderForPreparation(RestaurantServiceImpl.java:221) ~[classes/:?]
	at com.deliveryplatform.services.RestaurantServiceImpl.startPreparingOrder(RestaurantServiceImpl.java:126) ~[classes/:?]
	... 2 more
2025-10-16 10:53:32.138 [main] ERROR com.deliveryplatform.demo.CoreRequirementsDemo - 其他系統錯誤
com.deliveryplatform.exceptions.InvalidOrderStateException: Cannot transition order FAKE-ORDER from null to IN_DELIVERY: Order must be ready for delivery to assign a driver
	at com.deliveryplatform.services.DeliveryService.lambda$getOrderAndValidateForDelivery$1(DeliveryService.java:146) ~[classes/:?]
	at java.util.Optional.orElseThrow(Optional.java:403) ~[?:?]
	at com.deliveryplatform.services.DeliveryService.getOrderAndValidateForDelivery(DeliveryService.java:146) ~[classes/:?]
	at com.deliveryplatform.services.DeliveryService.assignDriver(DeliveryService.java:42) ~[classes/:?]
	at com.deliveryplatform.demo.CoreRequirementsDemo.demonstrateExceptionHandling(CoreRequirementsDemo.java:282) [classes/:?]
	at com.deliveryplatform.demo.CoreRequirementsDemo.main(CoreRequirementsDemo.java:49) [classes/:?]
2025-10-16 10:53:32.138 [main] ERROR com.deliveryplatform.demo.CoreRequirementsDemo - 捕獲 NullPointerException (Unchecked Exception): 程式碼邏輯錯誤
java.lang.NullPointerException: Cannot invoke "String.length()" because "nullString" is null
	at com.deliveryplatform.demo.CoreRequirementsDemo.demonstrateExceptionHandling(CoreRequirementsDemo.java:295) [classes/:?]
	at com.deliveryplatform.demo.CoreRequirementsDemo.main(CoreRequirementsDemo.java:49) [classes/:?]
2025-10-16 10:53:32.140 [main] ERROR com.deliveryplatform.demo.CoreRequirementsDemo - ERROR 級別: 記錄系統錯誤 (Unchecked Exception)
2025-10-16 10:53:32.140 [main] ERROR com.deliveryplatform.demo.CoreRequirementsDemo - ERROR 級別: 資料庫連線失敗
2025-10-16 10:53:32.140 [main] ERROR com.deliveryplatform.demo.CoreRequirementsDemo - ERROR 級別: 外部 API 呼叫超時 service=PaymentService, timeout=5000ms
2025-10-16 11:01:43.402 [main] ERROR com.deliveryplatform.services.RestaurantServiceImpl - 系統異常 - startPreparingOrder: orderId=NONEXISTENT-ORDER, restaurantId=REST-001
java.lang.IllegalArgumentException: 訂單不存在: NONEXISTENT-ORDER
	at com.deliveryplatform.services.RestaurantServiceImpl.lambda$getOrderAndValidateOwnership$0(RestaurantServiceImpl.java:246) ~[classes/:?]
	at java.util.Optional.orElseThrow(Optional.java:403) ~[?:?]
	at com.deliveryplatform.services.RestaurantServiceImpl.getOrderAndValidateOwnership(RestaurantServiceImpl.java:246) ~[classes/:?]
	at com.deliveryplatform.services.RestaurantServiceImpl.validateOrderForPreparation(RestaurantServiceImpl.java:221) ~[classes/:?]
	at com.deliveryplatform.services.RestaurantServiceImpl.startPreparingOrder(RestaurantServiceImpl.java:126) [classes/:?]
	at com.deliveryplatform.demo.BatchTestRunner.lambda$testInvalidOrderStateExceptions$0(BatchTestRunner.java:149) [classes/:?]
	at com.deliveryplatform.demo.BatchTestRunner.runTest(BatchTestRunner.java:254) [classes/:?]
	at com.deliveryplatform.demo.BatchTestRunner.testInvalidOrderStateExceptions(BatchTestRunner.java:148) [classes/:?]
	at com.deliveryplatform.demo.BatchTestRunner.runAllTests(BatchTestRunner.java:86) [classes/:?]
	at com.deliveryplatform.demo.BatchTestRunner.main(BatchTestRunner.java:36) [classes/:?]
2025-10-16 11:02:38.661 [com.deliveryplatform.demo.CoreRequirementsDemo.main()] ERROR com.deliveryplatform.services.RestaurantServiceImpl - 系統異常 - startPreparingOrder: orderId=NONEXISTENT-ORDER, restaurantId=REST-001
java.lang.IllegalArgumentException: 訂單不存在: NONEXISTENT-ORDER
	at com.deliveryplatform.services.RestaurantServiceImpl.lambda$getOrderAndValidateOwnership$0(RestaurantServiceImpl.java:246) ~[classes/:?]
	at java.util.Optional.orElseThrow(Optional.java:403) ~[?:?]
	at com.deliveryplatform.services.RestaurantServiceImpl.getOrderAndValidateOwnership(RestaurantServiceImpl.java:246) ~[classes/:?]
	at com.deliveryplatform.services.RestaurantServiceImpl.validateOrderForPreparation(RestaurantServiceImpl.java:221) ~[classes/:?]
	at com.deliveryplatform.services.RestaurantServiceImpl.startPreparingOrder(RestaurantServiceImpl.java:126) [classes/:?]
	at com.deliveryplatform.demo.CoreRequirementsDemo.demonstrateExceptionHandling(CoreRequirementsDemo.java:261) [classes/:?]
	at com.deliveryplatform.demo.CoreRequirementsDemo.main(CoreRequirementsDemo.java:49) [classes/:?]
	at org.codehaus.mojo.exec.ExecJavaMojo.doExec(ExecJavaMojo.java:371) [exec-maven-plugin-3.6.1.jar:3.6.1]
	at org.codehaus.mojo.exec.ExecJavaMojo.lambda$execute$0(ExecJavaMojo.java:289) [exec-maven-plugin-3.6.1.jar:3.6.1]
	at java.lang.Thread.run(Thread.java:1474) [?:?]
2025-10-16 11:02:38.668 [com.deliveryplatform.demo.CoreRequirementsDemo.main()] ERROR com.deliveryplatform.demo.CoreRequirementsDemo - 其他系統錯誤
java.lang.RuntimeException: 開始製作失敗：系統錯誤
	at com.deliveryplatform.services.RestaurantServiceImpl.startPreparingOrder(RestaurantServiceImpl.java:138) ~[classes/:?]
	at com.deliveryplatform.demo.CoreRequirementsDemo.demonstrateExceptionHandling(CoreRequirementsDemo.java:261) [classes/:?]
	at com.deliveryplatform.demo.CoreRequirementsDemo.main(CoreRequirementsDemo.java:49) [classes/:?]
	at org.codehaus.mojo.exec.ExecJavaMojo.doExec(ExecJavaMojo.java:371) [exec-maven-plugin-3.6.1.jar:3.6.1]
	at org.codehaus.mojo.exec.ExecJavaMojo.lambda$execute$0(ExecJavaMojo.java:289) [exec-maven-plugin-3.6.1.jar:3.6.1]
	at java.lang.Thread.run(Thread.java:1474) [?:?]
Caused by: java.lang.IllegalArgumentException: 訂單不存在: NONEXISTENT-ORDER
	at com.deliveryplatform.services.RestaurantServiceImpl.lambda$getOrderAndValidateOwnership$0(RestaurantServiceImpl.java:246) ~[classes/:?]
	at java.util.Optional.orElseThrow(Optional.java:403) ~[?:?]
	at com.deliveryplatform.services.RestaurantServiceImpl.getOrderAndValidateOwnership(RestaurantServiceImpl.java:246) ~[classes/:?]
	at com.deliveryplatform.services.RestaurantServiceImpl.validateOrderForPreparation(RestaurantServiceImpl.java:221) ~[classes/:?]
	at com.deliveryplatform.services.RestaurantServiceImpl.startPreparingOrder(RestaurantServiceImpl.java:126) ~[classes/:?]
	... 5 more
2025-10-16 11:02:38.673 [com.deliveryplatform.demo.CoreRequirementsDemo.main()] ERROR com.deliveryplatform.demo.CoreRequirementsDemo - 其他系統錯誤
com.deliveryplatform.exceptions.InvalidOrderStateException: Cannot transition order FAKE-ORDER from null to IN_DELIVERY: Order must be ready for delivery to assign a driver
	at com.deliveryplatform.services.DeliveryService.lambda$getOrderAndValidateForDelivery$1(DeliveryService.java:146) ~[classes/:?]
	at java.util.Optional.orElseThrow(Optional.java:403) ~[?:?]
	at com.deliveryplatform.services.DeliveryService.getOrderAndValidateForDelivery(DeliveryService.java:146) ~[classes/:?]
	at com.deliveryplatform.services.DeliveryService.assignDriver(DeliveryService.java:42) ~[classes/:?]
	at com.deliveryplatform.demo.CoreRequirementsDemo.demonstrateExceptionHandling(CoreRequirementsDemo.java:282) [classes/:?]
	at com.deliveryplatform.demo.CoreRequirementsDemo.main(CoreRequirementsDemo.java:49) [classes/:?]
	at org.codehaus.mojo.exec.ExecJavaMojo.doExec(ExecJavaMojo.java:371) [exec-maven-plugin-3.6.1.jar:3.6.1]
	at org.codehaus.mojo.exec.ExecJavaMojo.lambda$execute$0(ExecJavaMojo.java:289) [exec-maven-plugin-3.6.1.jar:3.6.1]
	at java.lang.Thread.run(Thread.java:1474) [?:?]
2025-10-16 11:02:38.683 [com.deliveryplatform.demo.CoreRequirementsDemo.main()] ERROR com.deliveryplatform.demo.CoreRequirementsDemo - 捕獲 NullPointerException (Unchecked Exception): 程式碼邏輯錯誤
java.lang.NullPointerException: Cannot invoke "String.length()" because "nullString" is null
	at com.deliveryplatform.demo.CoreRequirementsDemo.demonstrateExceptionHandling(CoreRequirementsDemo.java:295) [classes/:?]
	at com.deliveryplatform.demo.CoreRequirementsDemo.main(CoreRequirementsDemo.java:49) [classes/:?]
	at org.codehaus.mojo.exec.ExecJavaMojo.doExec(ExecJavaMojo.java:371) [exec-maven-plugin-3.6.1.jar:3.6.1]
	at org.codehaus.mojo.exec.ExecJavaMojo.lambda$execute$0(ExecJavaMojo.java:289) [exec-maven-plugin-3.6.1.jar:3.6.1]
	at java.lang.Thread.run(Thread.java:1474) [?:?]
2025-10-16 11:02:38.731 [com.deliveryplatform.demo.CoreRequirementsDemo.main()] ERROR com.deliveryplatform.demo.CoreRequirementsDemo - ERROR 級別: 記錄系統錯誤 (Unchecked Exception)
2025-10-16 11:02:38.731 [com.deliveryplatform.demo.CoreRequirementsDemo.main()] ERROR com.deliveryplatform.demo.CoreRequirementsDemo - ERROR 級別: 資料庫連線失敗
2025-10-16 11:02:38.732 [com.deliveryplatform.demo.CoreRequirementsDemo.main()] ERROR com.deliveryplatform.demo.CoreRequirementsDemo - ERROR 級別: 外部 API 呼叫超時 service=PaymentService, timeout=5000ms
2025-10-16 11:05:23.191 [com.deliveryplatform.demo.BatchTestRunner.main()] ERROR com.deliveryplatform.services.RestaurantServiceImpl - 系統異常 - startPreparingOrder: orderId=NONEXISTENT-ORDER, restaurantId=REST-001
java.lang.IllegalArgumentException: 訂單不存在: NONEXISTENT-ORDER
	at com.deliveryplatform.services.RestaurantServiceImpl.lambda$getOrderAndValidateOwnership$0(RestaurantServiceImpl.java:246) ~[classes/:?]
	at java.util.Optional.orElseThrow(Optional.java:403) ~[?:?]
	at com.deliveryplatform.services.RestaurantServiceImpl.getOrderAndValidateOwnership(RestaurantServiceImpl.java:246) ~[classes/:?]
	at com.deliveryplatform.services.RestaurantServiceImpl.validateOrderForPreparation(RestaurantServiceImpl.java:221) ~[classes/:?]
	at com.deliveryplatform.services.RestaurantServiceImpl.startPreparingOrder(RestaurantServiceImpl.java:126) [classes/:?]
	at com.deliveryplatform.demo.BatchTestRunner.lambda$testInvalidOrderStateExceptions$0(BatchTestRunner.java:149) [classes/:?]
	at com.deliveryplatform.demo.BatchTestRunner.runTest(BatchTestRunner.java:254) [classes/:?]
	at com.deliveryplatform.demo.BatchTestRunner.testInvalidOrderStateExceptions(BatchTestRunner.java:148) [classes/:?]
	at com.deliveryplatform.demo.BatchTestRunner.runAllTests(BatchTestRunner.java:86) [classes/:?]
	at com.deliveryplatform.demo.BatchTestRunner.main(BatchTestRunner.java:36) [classes/:?]
	at org.codehaus.mojo.exec.ExecJavaMojo.doExec(ExecJavaMojo.java:371) [exec-maven-plugin-3.6.1.jar:3.6.1]
	at org.codehaus.mojo.exec.ExecJavaMojo.lambda$execute$0(ExecJavaMojo.java:289) [exec-maven-plugin-3.6.1.jar:3.6.1]
	at java.lang.Thread.run(Thread.java:1474) [?:?]
2025-10-16 11:05:36.443 [com.deliveryplatform.demo.BatchTestRunner.main()] ERROR com.deliveryplatform.services.RestaurantServiceImpl - 系統異常 - startPreparingOrder: orderId=NONEXISTENT-ORDER, restaurantId=REST-001
java.lang.IllegalArgumentException: 訂單不存在: NONEXISTENT-ORDER
	at com.deliveryplatform.services.RestaurantServiceImpl.lambda$getOrderAndValidateOwnership$0(RestaurantServiceImpl.java:246) ~[classes/:?]
	at java.util.Optional.orElseThrow(Optional.java:403) ~[?:?]
	at com.deliveryplatform.services.RestaurantServiceImpl.getOrderAndValidateOwnership(RestaurantServiceImpl.java:246) ~[classes/:?]
	at com.deliveryplatform.services.RestaurantServiceImpl.validateOrderForPreparation(RestaurantServiceImpl.java:221) ~[classes/:?]
	at com.deliveryplatform.services.RestaurantServiceImpl.startPreparingOrder(RestaurantServiceImpl.java:126) [classes/:?]
	at com.deliveryplatform.demo.BatchTestRunner.lambda$testInvalidOrderStateExceptions$0(BatchTestRunner.java:149) [classes/:?]
	at com.deliveryplatform.demo.BatchTestRunner.runTest(BatchTestRunner.java:254) [classes/:?]
	at com.deliveryplatform.demo.BatchTestRunner.testInvalidOrderStateExceptions(BatchTestRunner.java:148) [classes/:?]
	at com.deliveryplatform.demo.BatchTestRunner.runAllTests(BatchTestRunner.java:86) [classes/:?]
	at com.deliveryplatform.demo.BatchTestRunner.main(BatchTestRunner.java:36) [classes/:?]
	at org.codehaus.mojo.exec.ExecJavaMojo.doExec(ExecJavaMojo.java:371) [exec-maven-plugin-3.6.1.jar:3.6.1]
	at org.codehaus.mojo.exec.ExecJavaMojo.lambda$execute$0(ExecJavaMojo.java:289) [exec-maven-plugin-3.6.1.jar:3.6.1]
	at java.lang.Thread.run(Thread.java:1474) [?:?]
2025-10-16 11:05:38.554 [main] ERROR com.deliveryplatform.services.RestaurantServiceImpl - 系統異常 - acceptOrder: orderId=NONEXISTENT-ORDER, restaurantId=REST-001
java.lang.IllegalArgumentException: 訂單不存在: NONEXISTENT-ORDER
	at com.deliveryplatform.services.RestaurantServiceImpl.lambda$getOrderAndValidateOwnership$0(RestaurantServiceImpl.java:246) ~[classes/:?]
	at java.util.Optional.orElseThrow(Optional.java:403) ~[?:?]
	at com.deliveryplatform.services.RestaurantServiceImpl.getOrderAndValidateOwnership(RestaurantServiceImpl.java:246) ~[classes/:?]
	at com.deliveryplatform.services.RestaurantServiceImpl.validateOrderForAcceptance(RestaurantServiceImpl.java:195) ~[classes/:?]
	at com.deliveryplatform.services.RestaurantServiceImpl.acceptOrder(RestaurantServiceImpl.java:46) [classes/:?]
	at com.deliveryplatform.services.RestaurantServiceTest.lambda$testAcceptOrder_OrderNotFound$0(RestaurantServiceTest.java:80) [test-classes/:?]
	at org.junit.jupiter.api.AssertThrows.assertThrows(AssertThrows.java:53) [junit-jupiter-api-5.9.3.jar:5.9.3]
	at org.junit.jupiter.api.AssertThrows.assertThrows(AssertThrows.java:35) [junit-jupiter-api-5.9.3.jar:5.9.3]
	at org.junit.jupiter.api.Assertions.assertThrows(Assertions.java:3083) [junit-jupiter-api-5.9.3.jar:5.9.3]
	at com.deliveryplatform.services.RestaurantServiceTest.testAcceptOrder_OrderNotFound(RestaurantServiceTest.java:79) [test-classes/:?]
	at jdk.internal.reflect.DirectMethodHandleAccessor.invoke(DirectMethodHandleAccessor.java:104) ~[?:?]
	at java.lang.reflect.Method.invoke(Method.java:565) ~[?:?]
	at org.junit.platform.commons.util.ReflectionUtils.invokeMethod(ReflectionUtils.java:727) [junit-platform-commons-1.9.3.jar:1.9.3]
	at org.junit.jupiter.engine.execution.MethodInvocation.proceed(MethodInvocation.java:60) [junit-jupiter-engine-5.9.3.jar:5.9.3]
	at org.junit.jupiter.engine.execution.InvocationInterceptorChain$ValidatingInvocation.proceed(InvocationInterceptorChain.java:131) [junit-jupiter-engine-5.9.3.jar:5.9.3]
	at org.junit.jupiter.engine.extension.TimeoutExtension.intercept(TimeoutExtension.java:156) [junit-jupiter-engine-5.9.3.jar:5.9.3]
	at org.junit.jupiter.engine.extension.TimeoutExtension.interceptTestableMethod(TimeoutExtension.java:147) [junit-jupiter-engine-5.9.3.jar:5.9.3]
	at org.junit.jupiter.engine.extension.TimeoutExtension.interceptTestMethod(TimeoutExtension.java:86) [junit-jupiter-engine-5.9.3.jar:5.9.3]
	at org.junit.jupiter.engine.execution.InterceptingExecutableInvoker$ReflectiveInterceptorCall.lambda$ofVoidMethod$0(InterceptingExecutableInvoker.java:103) [junit-jupiter-engine-5.9.3.jar:5.9.3]
	at org.junit.jupiter.engine.execution.InterceptingExecutableInvoker.lambda$invoke$0(InterceptingExecutableInvoker.java:93) [junit-jupiter-engine-5.9.3.jar:5.9.3]
	at org.junit.jupiter.engine.execution.InvocationInterceptorChain$InterceptedInvocation.proceed(InvocationInterceptorChain.java:106) [junit-jupiter-engine-5.9.3.jar:5.9.3]
	at org.junit.jupiter.engine.execution.InvocationInterceptorChain.proceed(InvocationInterceptorChain.java:64) [junit-jupiter-engine-5.9.3.jar:5.9.3]
	at org.junit.jupiter.engine.execution.InvocationInterceptorChain.chainAndInvoke(InvocationInterceptorChain.java:45) [junit-jupiter-engine-5.9.3.jar:5.9.3]
	at org.junit.jupiter.engine.execution.InvocationInterceptorChain.invoke(InvocationInterceptorChain.java:37) [junit-jupiter-engine-5.9.3.jar:5.9.3]
	at org.junit.jupiter.engine.execution.InterceptingExecutableInvoker.invoke(InterceptingExecutableInvoker.java:92) [junit-jupiter-engine-5.9.3.jar:5.9.3]
	at org.junit.jupiter.engine.execution.InterceptingExecutableInvoker.invoke(InterceptingExecutableInvoker.java:86) [junit-jupiter-engine-5.9.3.jar:5.9.3]
	at org.junit.jupiter.engine.descriptor.TestMethodTestDescriptor.lambda$invokeTestMethod$7(TestMethodTestDescriptor.java:217) [junit-jupiter-engine-5.9.3.jar:5.9.3]
	at org.junit.platform.engine.support.hierarchical.ThrowableCollector.execute(ThrowableCollector.java:73) [junit-platform-engine-1.9.3.jar:1.9.3]
	at org.junit.jupiter.engine.descriptor.TestMethodTestDescriptor.invokeTestMethod(TestMethodTestDescriptor.java:213) [junit-jupiter-engine-5.9.3.jar:5.9.3]
	at org.junit.jupiter.engine.descriptor.TestMethodTestDescriptor.execute(TestMethodTestDescriptor.java:138) [junit-jupiter-engine-5.9.3.jar:5.9.3]
	at org.junit.jupiter.engine.descriptor.TestMethodTestDescriptor.execute(TestMethodTestDescriptor.java:68) [junit-jupiter-engine-5.9.3.jar:5.9.3]
	at org.junit.platform.engine.support.hierarchical.NodeTestTask.lambda$executeRecursively$6(NodeTestTask.java:151) [junit-platform-engine-1.9.3.jar:1.9.3]
	at org.junit.platform.engine.support.hierarchical.ThrowableCollector.execute(ThrowableCollector.java:73) [junit-platform-engine-1.9.3.jar:1.9.3]
	at org.junit.platform.engine.support.hierarchical.NodeTestTask.lambda$executeRecursively$8(NodeTestTask.java:141) [junit-platform-engine-1.9.3.jar:1.9.3]
	at org.junit.platform.engine.support.hierarchical.Node.around(Node.java:137) [junit-platform-engine-1.9.3.jar:1.9.3]
	at org.junit.platform.engine.support.hierarchical.NodeTestTask.lambda$executeRecursively$9(NodeTestTask.java:139) [junit-platform-engine-1.9.3.jar:1.9.3]
	at org.junit.platform.engine.support.hierarchical.ThrowableCollector.execute(ThrowableCollector.java:73) [junit-platform-engine-1.9.3.jar:1.9.3]
	at org.junit.platform.engine.support.hierarchical.NodeTestTask.executeRecursively(NodeTestTask.java:138) [junit-platform-engine-1.9.3.jar:1.9.3]
	at org.junit.platform.engine.support.hierarchical.NodeTestTask.execute(NodeTestTask.java:95) [junit-platform-engine-1.9.3.jar:1.9.3]
	at java.util.ArrayList.forEach(ArrayList.java:1604) [?:?]
	at org.junit.platform.engine.support.hierarchical.SameThreadHierarchicalTestExecutorService.invokeAll(SameThreadHierarchicalTestExecutorService.java:41) [junit-platform-engine-1.9.3.jar:1.9.3]
	at org.junit.platform.engine.support.hierarchical.NodeTestTask.lambda$executeRecursively$6(NodeTestTask.java:155) [junit-platform-engine-1.9.3.jar:1.9.3]
	at org.junit.platform.engine.support.hierarchical.ThrowableCollector.execute(ThrowableCollector.java:73) [junit-platform-engine-1.9.3.jar:1.9.3]
	at org.junit.platform.engine.support.hierarchical.NodeTestTask.lambda$executeRecursively$8(NodeTestTask.java:141) [junit-platform-engine-1.9.3.jar:1.9.3]
	at org.junit.platform.engine.support.hierarchical.Node.around(Node.java:137) [junit-platform-engine-1.9.3.jar:1.9.3]
	at org.junit.platform.engine.support.hierarchical.NodeTestTask.lambda$executeRecursively$9(NodeTestTask.java:139) [junit-platform-engine-1.9.3.jar:1.9.3]
	at org.junit.platform.engine.support.hierarchical.ThrowableCollector.execute(ThrowableCollector.java:73) [junit-platform-engine-1.9.3.jar:1.9.3]
	at org.junit.platform.engine.support.hierarchical.NodeTestTask.executeRecursively(NodeTestTask.java:138) [junit-platform-engine-1.9.3.jar:1.9.3]
	at org.junit.platform.engine.support.hierarchical.NodeTestTask.execute(NodeTestTask.java:95) [junit-platform-engine-1.9.3.jar:1.9.3]
	at java.util.ArrayList.forEach(ArrayList.java:1604) [?:?]
	at org.junit.platform.engine.support.hierarchical.SameThreadHierarchicalTestExecutorService.invokeAll(SameThreadHierarchicalTestExecutorService.java:41) [junit-platform-engine-1.9.3.jar:1.9.3]
	at org.junit.platform.engine.support.hierarchical.NodeTestTask.lambda$executeRecursively$6(NodeTestTask.java:155) [junit-platform-engine-1.9.3.jar:1.9.3]
	at org.junit.platform.engine.support.hierarchical.ThrowableCollector.execute(ThrowableCollector.java:73) [junit-platform-engine-1.9.3.jar:1.9.3]
	at org.junit.platform.engine.support.hierarchical.NodeTestTask.lambda$executeRecursively$8(NodeTestTask.java:141) [junit-platform-engine-1.9.3.jar:1.9.3]
	at org.junit.platform.engine.support.hierarchical.Node.around(Node.java:137) [junit-platform-engine-1.9.3.jar:1.9.3]
	at org.junit.platform.engine.support.hierarchical.NodeTestTask.lambda$executeRecursively$9(NodeTestTask.java:139) [junit-platform-engine-1.9.3.jar:1.9.3]
	at org.junit.platform.engine.support.hierarchical.ThrowableCollector.execute(ThrowableCollector.java:73) [junit-platform-engine-1.9.3.jar:1.9.3]
	at org.junit.platform.engine.support.hierarchical.NodeTestTask.executeRecursively(NodeTestTask.java:138) [junit-platform-engine-1.9.3.jar:1.9.3]
	at org.junit.platform.engine.support.hierarchical.NodeTestTask.execute(NodeTestTask.java:95) [junit-platform-engine-1.9.3.jar:1.9.3]
	at org.junit.platform.engine.support.hierarchical.SameThreadHierarchicalTestExecutorService.submit(SameThreadHierarchicalTestExecutorService.java:35) [junit-platform-engine-1.9.3.jar:1.9.3]
	at org.junit.platform.engine.support.hierarchical.HierarchicalTestExecutor.execute(HierarchicalTestExecutor.java:57) [junit-platform-engine-1.9.3.jar:1.9.3]
	at org.junit.platform.engine.support.hierarchical.HierarchicalTestEngine.execute(HierarchicalTestEngine.java:54) [junit-platform-engine-1.9.3.jar:1.9.3]
	at org.junit.platform.launcher.core.EngineExecutionOrchestrator.execute(EngineExecutionOrchestrator.java:147) [junit-platform-launcher-1.9.3.jar:1.9.3]
	at org.junit.platform.launcher.core.EngineExecutionOrchestrator.execute(EngineExecutionOrchestrator.java:127) [junit-platform-launcher-1.9.3.jar:1.9.3]
	at org.junit.platform.launcher.core.EngineExecutionOrchestrator.execute(EngineExecutionOrchestrator.java:90) [junit-platform-launcher-1.9.3.jar:1.9.3]
	at org.junit.platform.launcher.core.EngineExecutionOrchestrator.lambda$execute$0(EngineExecutionOrchestrator.java:55) [junit-platform-launcher-1.9.3.jar:1.9.3]
	at org.junit.platform.launcher.core.EngineExecutionOrchestrator.withInterceptedStreams(EngineExecutionOrchestrator.java:102) [junit-platform-launcher-1.9.3.jar:1.9.3]
	at org.junit.platform.launcher.core.EngineExecutionOrchestrator.execute(EngineExecutionOrchestrator.java:54) [junit-platform-launcher-1.9.3.jar:1.9.3]
	at org.junit.platform.launcher.core.DefaultLauncher.execute(DefaultLauncher.java:114) [junit-platform-launcher-1.9.3.jar:1.9.3]
	at org.junit.platform.launcher.core.DefaultLauncher.execute(DefaultLauncher.java:86) [junit-platform-launcher-1.9.3.jar:1.9.3]
	at org.junit.platform.launcher.core.DefaultLauncherSession$DelegatingLauncher.execute(DefaultLauncherSession.java:86) [junit-platform-launcher-1.9.3.jar:1.9.3]
	at org.apache.maven.surefire.junitplatform.LazyLauncher.execute(LazyLauncher.java:50) [surefire-junit-platform-3.1.0.jar:3.1.0]
	at org.apache.maven.surefire.junitplatform.JUnitPlatformProvider.execute(JUnitPlatformProvider.java:184) [surefire-junit-platform-3.1.0.jar:3.1.0]
	at org.apache.maven.surefire.junitplatform.JUnitPlatformProvider.invokeAllTests(JUnitPlatformProvider.java:148) [surefire-junit-platform-3.1.0.jar:3.1.0]
	at org.apache.maven.surefire.junitplatform.JUnitPlatformProvider.invoke(JUnitPlatformProvider.java:122) [surefire-junit-platform-3.1.0.jar:3.1.0]
	at org.apache.maven.surefire.booter.ForkedBooter.runSuitesInProcess(ForkedBooter.java:385) [surefire-booter-3.1.0.jar:3.1.0]
	at org.apache.maven.surefire.booter.ForkedBooter.execute(ForkedBooter.java:162) [surefire-booter-3.1.0.jar:3.1.0]
	at org.apache.maven.surefire.booter.ForkedBooter.run(ForkedBooter.java:507) [surefire-booter-3.1.0.jar:3.1.0]
	at org.apache.maven.surefire.booter.ForkedBooter.main(ForkedBooter.java:495) [surefire-booter-3.1.0.jar:3.1.0]
2025-10-16 11:05:43.414 [main] ERROR com.deliveryplatform.services.RestaurantServiceImpl - 系統異常 - acceptOrder: orderId=NONEXISTENT-ORDER, restaurantId=REST-001
java.lang.IllegalArgumentException: 訂單不存在: NONEXISTENT-ORDER
	at com.deliveryplatform.services.RestaurantServiceImpl.lambda$getOrderAndValidateOwnership$0(RestaurantServiceImpl.java:246) ~[classes/:?]
	at java.util.Optional.orElseThrow(Optional.java:403) ~[?:?]
	at com.deliveryplatform.services.RestaurantServiceImpl.getOrderAndValidateOwnership(RestaurantServiceImpl.java:246) ~[classes/:?]
	at com.deliveryplatform.services.RestaurantServiceImpl.validateOrderForAcceptance(RestaurantServiceImpl.java:195) ~[classes/:?]
	at com.deliveryplatform.services.RestaurantServiceImpl.acceptOrder(RestaurantServiceImpl.java:46) [classes/:?]
	at com.deliveryplatform.services.RestaurantServiceTest.lambda$testAcceptOrder_OrderNotFound$0(RestaurantServiceTest.java:80) [test-classes/:?]
	at org.junit.jupiter.api.AssertThrows.assertThrows(AssertThrows.java:53) [junit-jupiter-api-5.9.3.jar:5.9.3]
	at org.junit.jupiter.api.AssertThrows.assertThrows(AssertThrows.java:35) [junit-jupiter-api-5.9.3.jar:5.9.3]
	at org.junit.jupiter.api.Assertions.assertThrows(Assertions.java:3083) [junit-jupiter-api-5.9.3.jar:5.9.3]
	at com.deliveryplatform.services.RestaurantServiceTest.testAcceptOrder_OrderNotFound(RestaurantServiceTest.java:79) [test-classes/:?]
	at jdk.internal.reflect.DirectMethodHandleAccessor.invoke(DirectMethodHandleAccessor.java:104) ~[?:?]
	at java.lang.reflect.Method.invoke(Method.java:565) ~[?:?]
	at org.junit.platform.commons.util.ReflectionUtils.invokeMethod(ReflectionUtils.java:727) [junit-platform-commons-1.9.3.jar:1.9.3]
	at org.junit.jupiter.engine.execution.MethodInvocation.proceed(MethodInvocation.java:60) [junit-jupiter-engine-5.9.3.jar:5.9.3]
	at org.junit.jupiter.engine.execution.InvocationInterceptorChain$ValidatingInvocation.proceed(InvocationInterceptorChain.java:131) [junit-jupiter-engine-5.9.3.jar:5.9.3]
	at org.junit.jupiter.engine.extension.TimeoutExtension.intercept(TimeoutExtension.java:156) [junit-jupiter-engine-5.9.3.jar:5.9.3]
	at org.junit.jupiter.engine.extension.TimeoutExtension.interceptTestableMethod(TimeoutExtension.java:147) [junit-jupiter-engine-5.9.3.jar:5.9.3]
	at org.junit.jupiter.engine.extension.TimeoutExtension.interceptTestMethod(TimeoutExtension.java:86) [junit-jupiter-engine-5.9.3.jar:5.9.3]
	at org.junit.jupiter.engine.execution.InterceptingExecutableInvoker$ReflectiveInterceptorCall.lambda$ofVoidMethod$0(InterceptingExecutableInvoker.java:103) [junit-jupiter-engine-5.9.3.jar:5.9.3]
	at org.junit.jupiter.engine.execution.InterceptingExecutableInvoker.lambda$invoke$0(InterceptingExecutableInvoker.java:93) [junit-jupiter-engine-5.9.3.jar:5.9.3]
	at org.junit.jupiter.engine.execution.InvocationInterceptorChain$InterceptedInvocation.proceed(InvocationInterceptorChain.java:106) [junit-jupiter-engine-5.9.3.jar:5.9.3]
	at org.junit.jupiter.engine.execution.InvocationInterceptorChain.proceed(InvocationInterceptorChain.java:64) [junit-jupiter-engine-5.9.3.jar:5.9.3]
	at org.junit.jupiter.engine.execution.InvocationInterceptorChain.chainAndInvoke(InvocationInterceptorChain.java:45) [junit-jupiter-engine-5.9.3.jar:5.9.3]
	at org.junit.jupiter.engine.execution.InvocationInterceptorChain.invoke(InvocationInterceptorChain.java:37) [junit-jupiter-engine-5.9.3.jar:5.9.3]
	at org.junit.jupiter.engine.execution.InterceptingExecutableInvoker.invoke(InterceptingExecutableInvoker.java:92) [junit-jupiter-engine-5.9.3.jar:5.9.3]
	at org.junit.jupiter.engine.execution.InterceptingExecutableInvoker.invoke(InterceptingExecutableInvoker.java:86) [junit-jupiter-engine-5.9.3.jar:5.9.3]
	at org.junit.jupiter.engine.descriptor.TestMethodTestDescriptor.lambda$invokeTestMethod$7(TestMethodTestDescriptor.java:217) [junit-jupiter-engine-5.9.3.jar:5.9.3]
	at org.junit.platform.engine.support.hierarchical.ThrowableCollector.execute(ThrowableCollector.java:73) [junit-platform-engine-1.9.3.jar:1.9.3]
	at org.junit.jupiter.engine.descriptor.TestMethodTestDescriptor.invokeTestMethod(TestMethodTestDescriptor.java:213) [junit-jupiter-engine-5.9.3.jar:5.9.3]
	at org.junit.jupiter.engine.descriptor.TestMethodTestDescriptor.execute(TestMethodTestDescriptor.java:138) [junit-jupiter-engine-5.9.3.jar:5.9.3]
	at org.junit.jupiter.engine.descriptor.TestMethodTestDescriptor.execute(TestMethodTestDescriptor.java:68) [junit-jupiter-engine-5.9.3.jar:5.9.3]
	at org.junit.platform.engine.support.hierarchical.NodeTestTask.lambda$executeRecursively$6(NodeTestTask.java:151) [junit-platform-engine-1.9.3.jar:1.9.3]
	at org.junit.platform.engine.support.hierarchical.ThrowableCollector.execute(ThrowableCollector.java:73) [junit-platform-engine-1.9.3.jar:1.9.3]
	at org.junit.platform.engine.support.hierarchical.NodeTestTask.lambda$executeRecursively$8(NodeTestTask.java:141) [junit-platform-engine-1.9.3.jar:1.9.3]
	at org.junit.platform.engine.support.hierarchical.Node.around(Node.java:137) [junit-platform-engine-1.9.3.jar:1.9.3]
	at org.junit.platform.engine.support.hierarchical.NodeTestTask.lambda$executeRecursively$9(NodeTestTask.java:139) [junit-platform-engine-1.9.3.jar:1.9.3]
	at org.junit.platform.engine.support.hierarchical.ThrowableCollector.execute(ThrowableCollector.java:73) [junit-platform-engine-1.9.3.jar:1.9.3]
	at org.junit.platform.engine.support.hierarchical.NodeTestTask.executeRecursively(NodeTestTask.java:138) [junit-platform-engine-1.9.3.jar:1.9.3]
	at org.junit.platform.engine.support.hierarchical.NodeTestTask.execute(NodeTestTask.java:95) [junit-platform-engine-1.9.3.jar:1.9.3]
	at java.util.ArrayList.forEach(ArrayList.java:1604) [?:?]
	at org.junit.platform.engine.support.hierarchical.SameThreadHierarchicalTestExecutorService.invokeAll(SameThreadHierarchicalTestExecutorService.java:41) [junit-platform-engine-1.9.3.jar:1.9.3]
	at org.junit.platform.engine.support.hierarchical.NodeTestTask.lambda$executeRecursively$6(NodeTestTask.java:155) [junit-platform-engine-1.9.3.jar:1.9.3]
	at org.junit.platform.engine.support.hierarchical.ThrowableCollector.execute(ThrowableCollector.java:73) [junit-platform-engine-1.9.3.jar:1.9.3]
	at org.junit.platform.engine.support.hierarchical.NodeTestTask.lambda$executeRecursively$8(NodeTestTask.java:141) [junit-platform-engine-1.9.3.jar:1.9.3]
	at org.junit.platform.engine.support.hierarchical.Node.around(Node.java:137) [junit-platform-engine-1.9.3.jar:1.9.3]
	at org.junit.platform.engine.support.hierarchical.NodeTestTask.lambda$executeRecursively$9(NodeTestTask.java:139) [junit-platform-engine-1.9.3.jar:1.9.3]
	at org.junit.platform.engine.support.hierarchical.ThrowableCollector.execute(ThrowableCollector.java:73) [junit-platform-engine-1.9.3.jar:1.9.3]
	at org.junit.platform.engine.support.hierarchical.NodeTestTask.executeRecursively(NodeTestTask.java:138) [junit-platform-engine-1.9.3.jar:1.9.3]
	at org.junit.platform.engine.support.hierarchical.NodeTestTask.execute(NodeTestTask.java:95) [junit-platform-engine-1.9.3.jar:1.9.3]
	at java.util.ArrayList.forEach(ArrayList.java:1604) [?:?]
	at org.junit.platform.engine.support.hierarchical.SameThreadHierarchicalTestExecutorService.invokeAll(SameThreadHierarchicalTestExecutorService.java:41) [junit-platform-engine-1.9.3.jar:1.9.3]
	at org.junit.platform.engine.support.hierarchical.NodeTestTask.lambda$executeRecursively$6(NodeTestTask.java:155) [junit-platform-engine-1.9.3.jar:1.9.3]
	at org.junit.platform.engine.support.hierarchical.ThrowableCollector.execute(ThrowableCollector.java:73) [junit-platform-engine-1.9.3.jar:1.9.3]
	at org.junit.platform.engine.support.hierarchical.NodeTestTask.lambda$executeRecursively$8(NodeTestTask.java:141) [junit-platform-engine-1.9.3.jar:1.9.3]
	at org.junit.platform.engine.support.hierarchical.Node.around(Node.java:137) [junit-platform-engine-1.9.3.jar:1.9.3]
	at org.junit.platform.engine.support.hierarchical.NodeTestTask.lambda$executeRecursively$9(NodeTestTask.java:139) [junit-platform-engine-1.9.3.jar:1.9.3]
	at org.junit.platform.engine.support.hierarchical.ThrowableCollector.execute(ThrowableCollector.java:73) [junit-platform-engine-1.9.3.jar:1.9.3]
	at org.junit.platform.engine.support.hierarchical.NodeTestTask.executeRecursively(NodeTestTask.java:138) [junit-platform-engine-1.9.3.jar:1.9.3]
	at org.junit.platform.engine.support.hierarchical.NodeTestTask.execute(NodeTestTask.java:95) [junit-platform-engine-1.9.3.jar:1.9.3]
	at org.junit.platform.engine.support.hierarchical.SameThreadHierarchicalTestExecutorService.submit(SameThreadHierarchicalTestExecutorService.java:35) [junit-platform-engine-1.9.3.jar:1.9.3]
	at org.junit.platform.engine.support.hierarchical.HierarchicalTestExecutor.execute(HierarchicalTestExecutor.java:57) [junit-platform-engine-1.9.3.jar:1.9.3]
	at org.junit.platform.engine.support.hierarchical.HierarchicalTestEngine.execute(HierarchicalTestEngine.java:54) [junit-platform-engine-1.9.3.jar:1.9.3]
	at org.junit.platform.launcher.core.EngineExecutionOrchestrator.execute(EngineExecutionOrchestrator.java:147) [junit-platform-launcher-1.9.3.jar:1.9.3]
	at org.junit.platform.launcher.core.EngineExecutionOrchestrator.execute(EngineExecutionOrchestrator.java:127) [junit-platform-launcher-1.9.3.jar:1.9.3]
	at org.junit.platform.launcher.core.EngineExecutionOrchestrator.execute(EngineExecutionOrchestrator.java:90) [junit-platform-launcher-1.9.3.jar:1.9.3]
	at org.junit.platform.launcher.core.EngineExecutionOrchestrator.lambda$execute$0(EngineExecutionOrchestrator.java:55) [junit-platform-launcher-1.9.3.jar:1.9.3]
	at org.junit.platform.launcher.core.EngineExecutionOrchestrator.withInterceptedStreams(EngineExecutionOrchestrator.java:102) [junit-platform-launcher-1.9.3.jar:1.9.3]
	at org.junit.platform.launcher.core.EngineExecutionOrchestrator.execute(EngineExecutionOrchestrator.java:54) [junit-platform-launcher-1.9.3.jar:1.9.3]
	at org.junit.platform.launcher.core.DefaultLauncher.execute(DefaultLauncher.java:114) [junit-platform-launcher-1.9.3.jar:1.9.3]
	at org.junit.platform.launcher.core.DefaultLauncher.execute(DefaultLauncher.java:86) [junit-platform-launcher-1.9.3.jar:1.9.3]
	at org.junit.platform.launcher.core.DefaultLauncherSession$DelegatingLauncher.execute(DefaultLauncherSession.java:86) [junit-platform-launcher-1.9.3.jar:1.9.3]
	at org.apache.maven.surefire.junitplatform.LazyLauncher.execute(LazyLauncher.java:50) [surefire-junit-platform-3.1.0.jar:3.1.0]
	at org.apache.maven.surefire.junitplatform.JUnitPlatformProvider.execute(JUnitPlatformProvider.java:184) [surefire-junit-platform-3.1.0.jar:3.1.0]
	at org.apache.maven.surefire.junitplatform.JUnitPlatformProvider.invokeAllTests(JUnitPlatformProvider.java:148) [surefire-junit-platform-3.1.0.jar:3.1.0]
	at org.apache.maven.surefire.junitplatform.JUnitPlatformProvider.invoke(JUnitPlatformProvider.java:122) [surefire-junit-platform-3.1.0.jar:3.1.0]
	at org.apache.maven.surefire.booter.ForkedBooter.runSuitesInProcess(ForkedBooter.java:385) [surefire-booter-3.1.0.jar:3.1.0]
	at org.apache.maven.surefire.booter.ForkedBooter.execute(ForkedBooter.java:162) [surefire-booter-3.1.0.jar:3.1.0]
	at org.apache.maven.surefire.booter.ForkedBooter.run(ForkedBooter.java:507) [surefire-booter-3.1.0.jar:3.1.0]
	at org.apache.maven.surefire.booter.ForkedBooter.main(ForkedBooter.java:495) [surefire-booter-3.1.0.jar:3.1.0]
2025-10-16 11:07:12.761 [com.deliveryplatform.demo.CoreRequirementsDemo.main()] ERROR com.deliveryplatform.services.RestaurantServiceImpl - 系統異常 - startPreparingOrder: orderId=NONEXISTENT-ORDER, restaurantId=REST-001
java.lang.IllegalArgumentException: 訂單不存在: NONEXISTENT-ORDER
	at com.deliveryplatform.services.RestaurantServiceImpl.lambda$getOrderAndValidateOwnership$0(RestaurantServiceImpl.java:246) ~[classes/:?]
	at java.util.Optional.orElseThrow(Optional.java:403) ~[?:?]
	at com.deliveryplatform.services.RestaurantServiceImpl.getOrderAndValidateOwnership(RestaurantServiceImpl.java:246) ~[classes/:?]
	at com.deliveryplatform.services.RestaurantServiceImpl.validateOrderForPreparation(RestaurantServiceImpl.java:221) ~[classes/:?]
	at com.deliveryplatform.services.RestaurantServiceImpl.startPreparingOrder(RestaurantServiceImpl.java:126) [classes/:?]
	at com.deliveryplatform.demo.CoreRequirementsDemo.demonstrateExceptionHandling(CoreRequirementsDemo.java:261) [classes/:?]
	at com.deliveryplatform.demo.CoreRequirementsDemo.main(CoreRequirementsDemo.java:49) [classes/:?]
	at org.codehaus.mojo.exec.ExecJavaMojo.doExec(ExecJavaMojo.java:371) [exec-maven-plugin-3.6.1.jar:3.6.1]
	at org.codehaus.mojo.exec.ExecJavaMojo.lambda$execute$0(ExecJavaMojo.java:289) [exec-maven-plugin-3.6.1.jar:3.6.1]
	at java.lang.Thread.run(Thread.java:1474) [?:?]
2025-10-16 11:07:12.768 [com.deliveryplatform.demo.CoreRequirementsDemo.main()] ERROR com.deliveryplatform.demo.CoreRequirementsDemo - 其他系統錯誤
java.lang.RuntimeException: 開始製作失敗：系統錯誤
	at com.deliveryplatform.services.RestaurantServiceImpl.startPreparingOrder(RestaurantServiceImpl.java:138) ~[classes/:?]
	at com.deliveryplatform.demo.CoreRequirementsDemo.demonstrateExceptionHandling(CoreRequirementsDemo.java:261) [classes/:?]
	at com.deliveryplatform.demo.CoreRequirementsDemo.main(CoreRequirementsDemo.java:49) [classes/:?]
	at org.codehaus.mojo.exec.ExecJavaMojo.doExec(ExecJavaMojo.java:371) [exec-maven-plugin-3.6.1.jar:3.6.1]
	at org.codehaus.mojo.exec.ExecJavaMojo.lambda$execute$0(ExecJavaMojo.java:289) [exec-maven-plugin-3.6.1.jar:3.6.1]
	at java.lang.Thread.run(Thread.java:1474) [?:?]
Caused by: java.lang.IllegalArgumentException: 訂單不存在: NONEXISTENT-ORDER
	at com.deliveryplatform.services.RestaurantServiceImpl.lambda$getOrderAndValidateOwnership$0(RestaurantServiceImpl.java:246) ~[classes/:?]
	at java.util.Optional.orElseThrow(Optional.java:403) ~[?:?]
	at com.deliveryplatform.services.RestaurantServiceImpl.getOrderAndValidateOwnership(RestaurantServiceImpl.java:246) ~[classes/:?]
	at com.deliveryplatform.services.RestaurantServiceImpl.validateOrderForPreparation(RestaurantServiceImpl.java:221) ~[classes/:?]
	at com.deliveryplatform.services.RestaurantServiceImpl.startPreparingOrder(RestaurantServiceImpl.java:126) ~[classes/:?]
	... 5 more
2025-10-16 11:07:12.776 [com.deliveryplatform.demo.CoreRequirementsDemo.main()] ERROR com.deliveryplatform.demo.CoreRequirementsDemo - 其他系統錯誤
com.deliveryplatform.exceptions.InvalidOrderStateException: Cannot transition order FAKE-ORDER from null to IN_DELIVERY: Order must be ready for delivery to assign a driver
	at com.deliveryplatform.services.DeliveryService.lambda$getOrderAndValidateForDelivery$1(DeliveryService.java:146) ~[classes/:?]
	at java.util.Optional.orElseThrow(Optional.java:403) ~[?:?]
	at com.deliveryplatform.services.DeliveryService.getOrderAndValidateForDelivery(DeliveryService.java:146) ~[classes/:?]
	at com.deliveryplatform.services.DeliveryService.assignDriver(DeliveryService.java:42) ~[classes/:?]
	at com.deliveryplatform.demo.CoreRequirementsDemo.demonstrateExceptionHandling(CoreRequirementsDemo.java:282) [classes/:?]
	at com.deliveryplatform.demo.CoreRequirementsDemo.main(CoreRequirementsDemo.java:49) [classes/:?]
	at org.codehaus.mojo.exec.ExecJavaMojo.doExec(ExecJavaMojo.java:371) [exec-maven-plugin-3.6.1.jar:3.6.1]
	at org.codehaus.mojo.exec.ExecJavaMojo.lambda$execute$0(ExecJavaMojo.java:289) [exec-maven-plugin-3.6.1.jar:3.6.1]
	at java.lang.Thread.run(Thread.java:1474) [?:?]
2025-10-16 11:07:12.778 [com.deliveryplatform.demo.CoreRequirementsDemo.main()] ERROR com.deliveryplatform.demo.CoreRequirementsDemo - 捕獲 NullPointerException (Unchecked Exception): 程式碼邏輯錯誤
java.lang.NullPointerException: Cannot invoke "String.length()" because "nullString" is null
	at com.deliveryplatform.demo.CoreRequirementsDemo.demonstrateExceptionHandling(CoreRequirementsDemo.java:295) [classes/:?]
	at com.deliveryplatform.demo.CoreRequirementsDemo.main(CoreRequirementsDemo.java:49) [classes/:?]
	at org.codehaus.mojo.exec.ExecJavaMojo.doExec(ExecJavaMojo.java:371) [exec-maven-plugin-3.6.1.jar:3.6.1]
	at org.codehaus.mojo.exec.ExecJavaMojo.lambda$execute$0(ExecJavaMojo.java:289) [exec-maven-plugin-3.6.1.jar:3.6.1]
	at java.lang.Thread.run(Thread.java:1474) [?:?]
2025-10-16 11:07:12.779 [com.deliveryplatform.demo.CoreRequirementsDemo.main()] ERROR com.deliveryplatform.demo.CoreRequirementsDemo - ERROR 級別: 記錄系統錯誤 (Unchecked Exception)
2025-10-16 11:07:12.779 [com.deliveryplatform.demo.CoreRequirementsDemo.main()] ERROR com.deliveryplatform.demo.CoreRequirementsDemo - ERROR 級別: 資料庫連線失敗
2025-10-16 11:07:12.780 [com.deliveryplatform.demo.CoreRequirementsDemo.main()] ERROR com.deliveryplatform.demo.CoreRequirementsDemo - ERROR 級別: 外部 API 呼叫超時 service=PaymentService, timeout=5000ms
2025-10-16 11:07:28.937 [com.deliveryplatform.demo.CoreRequirementsDemo.main()] ERROR com.deliveryplatform.services.RestaurantServiceImpl - 系統異常 - startPreparingOrder: orderId=NONEXISTENT-ORDER, restaurantId=REST-001
java.lang.IllegalArgumentException: 訂單不存在: NONEXISTENT-ORDER
	at com.deliveryplatform.services.RestaurantServiceImpl.lambda$getOrderAndValidateOwnership$0(RestaurantServiceImpl.java:246) ~[classes/:?]
	at java.util.Optional.orElseThrow(Optional.java:403) ~[?:?]
	at com.deliveryplatform.services.RestaurantServiceImpl.getOrderAndValidateOwnership(RestaurantServiceImpl.java:246) ~[classes/:?]
	at com.deliveryplatform.services.RestaurantServiceImpl.validateOrderForPreparation(RestaurantServiceImpl.java:221) ~[classes/:?]
	at com.deliveryplatform.services.RestaurantServiceImpl.startPreparingOrder(RestaurantServiceImpl.java:126) [classes/:?]
	at com.deliveryplatform.demo.CoreRequirementsDemo.demonstrateExceptionHandling(CoreRequirementsDemo.java:261) [classes/:?]
	at com.deliveryplatform.demo.CoreRequirementsDemo.main(CoreRequirementsDemo.java:49) [classes/:?]
	at org.codehaus.mojo.exec.ExecJavaMojo.doExec(ExecJavaMojo.java:371) [exec-maven-plugin-3.6.1.jar:3.6.1]
	at org.codehaus.mojo.exec.ExecJavaMojo.lambda$execute$0(ExecJavaMojo.java:289) [exec-maven-plugin-3.6.1.jar:3.6.1]
	at java.lang.Thread.run(Thread.java:1474) [?:?]
2025-10-16 11:07:28.943 [com.deliveryplatform.demo.CoreRequirementsDemo.main()] ERROR com.deliveryplatform.demo.CoreRequirementsDemo - 其他系統錯誤
java.lang.RuntimeException: 開始製作失敗：系統錯誤
	at com.deliveryplatform.services.RestaurantServiceImpl.startPreparingOrder(RestaurantServiceImpl.java:138) ~[classes/:?]
	at com.deliveryplatform.demo.CoreRequirementsDemo.demonstrateExceptionHandling(CoreRequirementsDemo.java:261) [classes/:?]
	at com.deliveryplatform.demo.CoreRequirementsDemo.main(CoreRequirementsDemo.java:49) [classes/:?]
	at org.codehaus.mojo.exec.ExecJavaMojo.doExec(ExecJavaMojo.java:371) [exec-maven-plugin-3.6.1.jar:3.6.1]
	at org.codehaus.mojo.exec.ExecJavaMojo.lambda$execute$0(ExecJavaMojo.java:289) [exec-maven-plugin-3.6.1.jar:3.6.1]
	at java.lang.Thread.run(Thread.java:1474) [?:?]
Caused by: java.lang.IllegalArgumentException: 訂單不存在: NONEXISTENT-ORDER
	at com.deliveryplatform.services.RestaurantServiceImpl.lambda$getOrderAndValidateOwnership$0(RestaurantServiceImpl.java:246) ~[classes/:?]
	at java.util.Optional.orElseThrow(Optional.java:403) ~[?:?]
	at com.deliveryplatform.services.RestaurantServiceImpl.getOrderAndValidateOwnership(RestaurantServiceImpl.java:246) ~[classes/:?]
	at com.deliveryplatform.services.RestaurantServiceImpl.validateOrderForPreparation(RestaurantServiceImpl.java:221) ~[classes/:?]
	at com.deliveryplatform.services.RestaurantServiceImpl.startPreparingOrder(RestaurantServiceImpl.java:126) ~[classes/:?]
	... 5 more
2025-10-16 11:07:28.945 [com.deliveryplatform.demo.CoreRequirementsDemo.main()] ERROR com.deliveryplatform.demo.CoreRequirementsDemo - 其他系統錯誤
com.deliveryplatform.exceptions.InvalidOrderStateException: Cannot transition order FAKE-ORDER from null to IN_DELIVERY: Order must be ready for delivery to assign a driver
	at com.deliveryplatform.services.DeliveryService.lambda$getOrderAndValidateForDelivery$1(DeliveryService.java:146) ~[classes/:?]
	at java.util.Optional.orElseThrow(Optional.java:403) ~[?:?]
	at com.deliveryplatform.services.DeliveryService.getOrderAndValidateForDelivery(DeliveryService.java:146) ~[classes/:?]
	at com.deliveryplatform.services.DeliveryService.assignDriver(DeliveryService.java:42) ~[classes/:?]
	at com.deliveryplatform.demo.CoreRequirementsDemo.demonstrateExceptionHandling(CoreRequirementsDemo.java:282) [classes/:?]
	at com.deliveryplatform.demo.CoreRequirementsDemo.main(CoreRequirementsDemo.java:49) [classes/:?]
	at org.codehaus.mojo.exec.ExecJavaMojo.doExec(ExecJavaMojo.java:371) [exec-maven-plugin-3.6.1.jar:3.6.1]
	at org.codehaus.mojo.exec.ExecJavaMojo.lambda$execute$0(ExecJavaMojo.java:289) [exec-maven-plugin-3.6.1.jar:3.6.1]
	at java.lang.Thread.run(Thread.java:1474) [?:?]
2025-10-16 11:07:28.948 [com.deliveryplatform.demo.CoreRequirementsDemo.main()] ERROR com.deliveryplatform.demo.CoreRequirementsDemo - 捕獲 NullPointerException (Unchecked Exception): 程式碼邏輯錯誤
java.lang.NullPointerException: Cannot invoke "String.length()" because "nullString" is null
	at com.deliveryplatform.demo.CoreRequirementsDemo.demonstrateExceptionHandling(CoreRequirementsDemo.java:295) [classes/:?]
	at com.deliveryplatform.demo.CoreRequirementsDemo.main(CoreRequirementsDemo.java:49) [classes/:?]
	at org.codehaus.mojo.exec.ExecJavaMojo.doExec(ExecJavaMojo.java:371) [exec-maven-plugin-3.6.1.jar:3.6.1]
	at org.codehaus.mojo.exec.ExecJavaMojo.lambda$execute$0(ExecJavaMojo.java:289) [exec-maven-plugin-3.6.1.jar:3.6.1]
	at java.lang.Thread.run(Thread.java:1474) [?:?]
2025-10-16 11:07:28.953 [com.deliveryplatform.demo.CoreRequirementsDemo.main()] ERROR com.deliveryplatform.demo.CoreRequirementsDemo - ERROR 級別: 記錄系統錯誤 (Unchecked Exception)
2025-10-16 11:07:28.954 [com.deliveryplatform.demo.CoreRequirementsDemo.main()] ERROR com.deliveryplatform.demo.CoreRequirementsDemo - ERROR 級別: 資料庫連線失敗
2025-10-16 11:07:28.954 [com.deliveryplatform.demo.CoreRequirementsDemo.main()] ERROR com.deliveryplatform.demo.CoreRequirementsDemo - ERROR 級別: 外部 API 呼叫超時 service=PaymentService, timeout=5000ms
2025-10-16 11:21:36.284 [main] ERROR com.deliveryplatform.services.RestaurantServiceImpl - 系統異常 - startPreparingOrder: orderId=FAKE-ORDER, restaurantId=REST-001
java.lang.IllegalArgumentException: 訂單不存在: FAKE-ORDER
	at com.deliveryplatform.services.RestaurantServiceImpl.lambda$getOrderAndValidateOwnership$0(RestaurantServiceImpl.java:246) ~[classes/:?]
	at java.util.Optional.orElseThrow(Optional.java:403) ~[?:?]
	at com.deliveryplatform.services.RestaurantServiceImpl.getOrderAndValidateOwnership(RestaurantServiceImpl.java:246) ~[classes/:?]
	at com.deliveryplatform.services.RestaurantServiceImpl.validateOrderForPreparation(RestaurantServiceImpl.java:221) ~[classes/:?]
	at com.deliveryplatform.services.RestaurantServiceImpl.startPreparingOrder(RestaurantServiceImpl.java:126) [classes/:?]
	at com.deliveryplatform.demo.ConsoleTestRunner.runExceptionTests(ConsoleTestRunner.java:155) [classes/:?]
	at com.deliveryplatform.demo.ConsoleTestRunner.showMainMenu(ConsoleTestRunner.java:107) [classes/:?]
	at com.deliveryplatform.demo.ConsoleTestRunner.main(ConsoleTestRunner.java:37) [classes/:?]
